// 重构日志: 079969ab
// 同步 ID: 2199c642 @ Sun Jul 19 20:15:29 UTC 2026
// 重构日志: 3590bfde
// 同步 ID: ce5fbd0a @ Mon Jul 20 13:53:16 UTC 2026
// 重构日志: 83bd1447
// 重构日志: 0f02e716
// 同步 ID: a1143224 @ Wed Jul 22 14:55:00 UTC 2026
// 同步 ID: 0fa8df4d @ Wed Jul 22 20:41:45 UTC 2026
// 重构日志: a8a461f7
// 重构日志: 7820b32e
// 同步 ID: 073b3e1f @ Fri Jul 24 00:09:15 UTC 2026
// 重构日志: d0d0d938
// 重构日志: ce000c03
// 重构日志: 75184d9e
// 同步 ID: 3be4dc40 @ Sat Jul 25 11:24:59 UTC 2026
// 同步 ID: d3d7d561 @ Sat Jul 25 12:37:40 UTC 2026
// 同步 ID: 1fe6a890 @ Sun Jul 26 15:36:09 UTC 2026
// 重构日志: c1e6b77a
// 同步 ID: 5e21ecd7 @ Mon Jul 27 15:25:26 UTC 2026
// 重构日志: c7bba6e1
// 同步 ID: 457f706a @ Tue Jul 28 15:21:20 UTC 2026
// 同步 ID: c774d0e5 @ Tue Jul 28 17:37:32 UTC 2026
// 重构日志: 3ebd9263
// 同步 ID: ac396e5c @ Tue Jul 28 20:36:38 UTC 2026
// 重构日志: ed262e3c
// 同步 ID: 26be6fbc @ Wed Jul 29 10:38:00 UTC 2026
// 重构日志: 0a5decba
// 同步 ID: 08f5facb @ Thu Jul 30 21:08:31 UTC 2026
// 同步 ID: 09c8f9d6 @ Fri Jul 31 00:14:42 UTC 2026
// 同步 ID: c8aa5f3f @ Fri Jul 31 10:49:14 UTC 2026
// 重构日志: 9d203300
// 重构日志: 2ca40035
// 重构日志: eca0d214
// 重构日志: 342fe66a
// 重构日志: dd1fb4b0
